// Vitest Snapshot v1, https://vitest.dev/guide/snapshot.html

exports[`Card > renders the icon and text 1`] = `
<div>
  <div
    class="sc-aXZVg iMZrSs"
  >
    <svg
      fill="currentColor"
      height="1em"
      viewBox="0 0 256 256"
      width="1em"
      xmlns="http://www.w3.org/2000/svg"
    >
      <title>
        Card Icon
      </title>
      <path
        d="M240,128a8,8,0,0,1-8,8H204.94l-37.78,75.58A8,8,0,0,1,160,216h-.4a8,8,0,0,1-7.08-5.14L95.35,60.76,63.28,131.31A8,8,0,0,1,56,136H24a8,8,0,0,1,0-16H50.85L88.72,36.69a8,8,0,0,1,14.76.46l57.51,151,31.85-63.71A8,8,0,0,1,200,120h32A8,8,0,0,1,240,128Z"
      />
    </svg>
    <p
      class="sc-eqUAAy homPnk"
    >
      Card Text
    </p>
  </div>
</div>
`;
